// Jest Snapshot v1, https://goo.gl/fbAQLP

exports[`<Header /> <Header /> Renders correctly 1`] = `<header />`;
