// Jest Snapshot v1, https://goo.gl/fbAQLP

exports[`<MovieCard /> <movieCard /> Renders correctly 1`] = `<movieCard />`;
